[13:55:29.693] [INFO] storybook v10.4.4
[13:55:29.800] [INFO] Loading main config failed as the file does not seem to be valid ESM. Trying a temporary fix, please ensure the main config is valid ESM.
[13:55:29.823] [INFO] Loading main config failed as the file does not seem to be valid ESM. Trying a temporary fix, please ensure the main config is valid ESM.
[13:55:30.269] [DEBUG] Getting package.json info for /Users/jarvisraymond/Documents/gen3-frontend-framework-NEW/gen3-frontend-framework/packages/storybook/package.json...
[13:55:30.635] [ERROR] [38;2;241;97;97mSB_CORE-SERVER_0002 (CriticalPresetLoadError): Storybook failed to load the following preset: ./.storybook/main.cts.

Please check whether your setup is correct, the Storybook dependencies (and their peer dependencies) are installed correctly and there are no package version clashes.

If you believe this is a bug, please open an issue on Github.

ReferenceError: require is not defined in ES module scope, you can use import instead
    at getAbsolutePath (file://./.storybook/main.cts:68:23)
    at file://./.storybook/main.cts:10:5
    at ModuleJob.run (node:internal/modules/esm/module_job:437:25)
    at async node:internal/modules/esm/loader:639:26
    at async importModule (file:///Users/jarvisraymond/Documents/gen3-frontend-framework-NEW/gen3-frontend-framework/node_modules/storybook/dist/_node-chunks/chunk-ULZBLQ6I.js:737:11)
    at async loadMainConfig (file:///Users/jarvisraymond/Documents/gen3-frontend-framework-NEW/gen3-frontend-framework/node_modules/storybook/dist/_node-chunks/chunk-3FBJJ3J7.js:10115:12)
    at async resolveTelemetryState (file:///Users/jarvisraymond/Documents/gen3-frontend-framework-NEW/gen3-frontend-framework/node_modules/storybook/dist/_node-chunks/chunk-TQLYOGGH.js:632:18)
    at async withTelemetry (file:///Users/jarvisraymond/Documents/gen3-frontend-framework-NEW/gen3-frontend-framework/node_modules/storybook/dist/_node-chunks/chunk-TQLYOGGH.js:646:33)
    at async dev (file:///Users/jarvisraymond/Documents/gen3-frontend-framework-NEW/gen3-frontend-framework/node_modules/storybook/dist/bin/core.js:2735:3)
    at async _Command.<anonymous> (file:///Users/jarvisraymond/Documents/gen3-frontend-framework-NEW/gen3-frontend-framework/node_modules/storybook/dist/bin/core.js:2805:92)

More info:
[39m
    at loadPreset (file:///Users/jarvisraymond/Documents/gen3-frontend-framework-NEW/gen3-frontend-framework/node_modules/storybook/dist/_node-chunks/chunk-3FBJJ3J7.js:9157:13)
    at async Promise.all (index 1)
    at async loadPresets (file:///Users/jarvisraymond/Documents/gen3-frontend-framework-NEW/gen3-frontend-framework/node_modules/storybook/dist/_node-chunks/chunk-3FBJJ3J7.js:9166:73)
    at async getPresets (file:///Users/jarvisraymond/Documents/gen3-frontend-framework-NEW/gen3-frontend-framework/node_modules/storybook/dist/_node-chunks/chunk-3FBJJ3J7.js:9197:23)
    at async buildDevStandalone (file:///Users/jarvisraymond/Documents/gen3-frontend-framework-NEW/gen3-frontend-framework/node_modules/storybook/dist/core-server/index.js:11991:52)
    at async withTelemetry (file:///Users/jarvisraymond/Documents/gen3-frontend-framework-NEW/gen3-frontend-framework/node_modules/storybook/dist/_node-chunks/chunk-TQLYOGGH.js:655:12)
    at async dev (file:///Users/jarvisraymond/Documents/gen3-frontend-framework-NEW/gen3-frontend-framework/node_modules/storybook/dist/bin/core.js:2735:3)
    at async _Command.<anonymous> (file:///Users/jarvisraymond/Documents/gen3-frontend-framework-NEW/gen3-frontend-framework/node_modules/storybook/dist/bin/core.js:2805:92)
[13:55:30.640] [WARN] Broken build, fix the error above.
You may need to refresh the browser.
[13:55:30.648] [WARN]   Failed to load preset: "/Users/jarvisraymond/Documents/gen3-frontend-framework-NEW/gen3-frontend-framework/packages/storybook/.storybook/main.cts"
[13:55:30.649] [ERROR] [38;2;241;97;97mReferenceError: require is not defined in ES module scope, you can use import instead[39m
    at getAbsolutePath (file://./.storybook/main.cts:68:23)
    at file://./.storybook/main.cts:10:5
    at ModuleJob.run (node:internal/modules/esm/module_job:437:25)
    at async node:internal/modules/esm/loader:639:26
    at async importModule (file:///Users/jarvisraymond/Documents/gen3-frontend-framework-NEW/gen3-frontend-framework/node_modules/storybook/dist/_node-chunks/chunk-ULZBLQ6I.js:737:11)
    at async loadMainConfig (file:///Users/jarvisraymond/Documents/gen3-frontend-framework-NEW/gen3-frontend-framework/node_modules/storybook/dist/_node-chunks/chunk-3FBJJ3J7.js:10115:12)
    at async resolveTelemetryState (file:///Users/jarvisraymond/Documents/gen3-frontend-framework-NEW/gen3-frontend-framework/node_modules/storybook/dist/_node-chunks/chunk-TQLYOGGH.js:632:18)
    at async withTelemetry (file:///Users/jarvisraymond/Documents/gen3-frontend-framework-NEW/gen3-frontend-framework/node_modules/storybook/dist/_node-chunks/chunk-TQLYOGGH.js:646:33)
    at async dev (file:///Users/jarvisraymond/Documents/gen3-frontend-framework-NEW/gen3-frontend-framework/node_modules/storybook/dist/bin/core.js:2735:3)
    at async _Command.<anonymous> (file:///Users/jarvisraymond/Documents/gen3-frontend-framework-NEW/gen3-frontend-framework/node_modules/storybook/dist/bin/core.js:2805:92)
[13:55:30.666] [INFO] Loading main config failed as the file does not seem to be valid ESM. Trying a temporary fix, please ensure the main config is valid ESM.
[13:55:30.697] [INFO] Loading main config failed as the file does not seem to be valid ESM. Trying a temporary fix, please ensure the main config is valid ESM.
[13:55:30.722] [INFO] Loading main config failed as the file does not seem to be valid ESM. Trying a temporary fix, please ensure the main config is valid ESM.
